Compiled: -Ray\Di\Annotation\ScriptDir
Compiled: -dsn
Compiled: -password
Compiled: -username
Compiled: DbInterface-
Compiled: FinderInterface-
Compiled: MovieListerInterface-
Compiled: Ray\Di\InjectorInterface-
Compiled: Sorter-
Compiled: -Ray\Di\Annotation\ScriptDir
Compiled: -dsn
Compiled: -password
Compiled: -username
Compiled: DbInterface-
Compiled: FinderInterface-
Compiled: MovieListerInterface-
Compiled: Ray\Di\InjectorInterface-
Compiled: Sorter-
Compiled: -Ray\Di\Annotation\ScriptDir
Compiled: -dsn
Compiled: -password
Compiled: -username
Compiled: DbInterface-
Compiled: FinderInterface-
Compiled: MovieListerInterface-
Compiled: Ray\Di\InjectorInterface-
Compiled: Sorter-
Compiled: -Ray\Di\Annotation\ScriptDir
Compiled: -dsn
Compiled: -password
Compiled: -username
Compiled: DbInterface-
Compiled: FinderInterface-
Compiled: MovieListerInterface-
Compiled: Ray\Di\InjectorInterface-
Compiled: Sorter-
Compiled: -Ray\Di\Annotation\ScriptDir
Compiled: -dsn
Compiled: -password
Compiled: -username
Compiled: DbInterface-
Compiled: FinderInterface-
Compiled: MovieListerInterface-
Compiled: Ray\Di\InjectorInterface-
Compiled: Sorter-
Compiled: -Ray\Di\Annotation\ScriptDir
Compiled: -dsn
Compiled: -password
Compiled: -username
Compiled: DbInterface-
Compiled: FinderInterface-
Compiled: MovieListerInterface-
Compiled: Ray\Di\InjectorInterface-
Compiled: Sorter-
Compiled: -Ray\Di\Annotation\ScriptDir
Compiled: -dsn
Compiled: -password
Compiled: -username
Compiled: DbInterface-
Compiled: FinderInterface-
Compiled: MovieListerInterface-
Compiled: Ray\Di\InjectorInterface-
Compiled: Sorter-
Compiled: -Ray\Di\Annotation\ScriptDir
Compiled: -dsn
Compiled: -password
Compiled: -username
Compiled: DbInterface-
Compiled: FinderInterface-
Compiled: MovieListerInterface-
Compiled: Ray\Di\InjectorInterface-
Compiled: Sorter-
Compiled: -Ray\Di\Annotation\ScriptDir
Compiled: -dsn
Compiled: -password
Compiled: -username
Compiled: DbInterface-
Compiled: FinderInterface-
Compiled: MovieListerInterface-
Compiled: Ray\Di\InjectorInterface-
Compiled: Sorter-
Compiled: -Ray\Di\Annotation\ScriptDir
Compiled: -dsn
Compiled: -password
Compiled: -username
Compiled: DbInterface-
Compiled: FinderInterface-
Compiled: MovieListerInterface-
Compiled: Ray\Di\InjectorInterface-
Compiled: Sorter-
Compiled: -Ray\Di\Annotation\ScriptDir
Compiled: -dsn
Compiled: -password
Compiled: -username
Compiled: DbInterface-
Compiled: FinderInterface-
Compiled: MovieListerInterface-
Compiled: Ray\Di\InjectorInterface-
Compiled: Sorter-
Compiled: -Ray\Di\Annotation\ScriptDir
Compiled: -dsn
Compiled: -password
Compiled: -username
Compiled: DbInterface-
Compiled: FinderInterface-
Compiled: MovieListerInterface-
Compiled: Ray\Di\InjectorInterface-
Compiled: Sorter-
Compiled: -Ray\Di\Annotation\ScriptDir
Compiled: -dsn
Compiled: -password
Compiled: -username
Compiled: DbInterface-
Compiled: FinderInterface-
Compiled: MovieListerInterface-
Compiled: Ray\Di\InjectorInterface-
Compiled: Sorter-
